{
 "label": "fix_real_x3",
 "results": [
  {
   "name": "2025-11-15_13-32-20.mp4",
   "sizeBytes": 1306598600,
   "ok": true,
   "outBytes": 155257147,
   "error": null,
   "elapsedMs": 139492,
   "durationSec": 12942,
   "lastStatus": {
    "status": "converting",
    "phase": "audio_conversion",
    "done": 1,
    "segs": 1,
    "totalDuration": 12942
   }
  },
  {
   "name": "2025-11-09_10-59-00.mp4",
   "sizeBytes": 1075686261,
   "ok": true,
   "outBytes": 85193604,
   "error": null,
   "elapsedMs": 85619,
   "durationSec": 7101,
   "lastStatus": {
    "status": "converting",
    "phase": "audio_conversion",
    "done": 1,
    "segs": 1,
    "totalDuration": 7101
   }
  },
  {
   "name": "2025-11-01_15-25-30 (1).mp4",
   "sizeBytes": 1128582153,
   "ok": true,
   "outBytes": 140030371,
   "error": null,
   "elapsedMs": 124267,
   "durationSec": 11673,
   "lastStatus": {
    "status": "converting",
    "phase": "audio_conversion",
    "done": 1,
    "segs": 1,
    "totalDuration": 11673
   }
  }
 ],
 "fatal": null,
 "elapsedSec": 356,
 "rssPeakRendererMb": 697
}
node:internal/process/promises:332
    triggerUncaughtException(err, true /* fromPromise */);
    ^

page.goto: net::ERR_CONNECTION_REFUSED at http://127.0.0.1:9265/e2e/ffmpeg-wasm/index.html?core=0.12.6
Call log:
[2m  - navigating to "http://127.0.0.1:9265/e2e/ffmpeg-wasm/index.html?core=0.12.6", waiting until "load"[22m

    at /Users/higashino/development/vtd-repro-main/e2e/ffmpeg-wasm/run.js:34:14 {
  log: [
    '  - navigating to "http://127.0.0.1:9265/e2e/ffmpeg-wasm/index.html?core=0.12.6", waiting until "load"'
  ],
  name: 'Error'
}

Node.js v25.9.0
node:internal/process/promises:332
    triggerUncaughtException(err, true /* fromPromise */);
    ^

page.goto: net::ERR_CONNECTION_REFUSED at http://127.0.0.1:9652/e2e/ffmpeg-wasm/index.html?core=0.12.6
Call log:
[2m  - navigating to "http://127.0.0.1:9652/e2e/ffmpeg-wasm/index.html?core=0.12.6", waiting until "load"[22m

    at /Users/higashino/development/vtd-repro-main/e2e/ffmpeg-wasm/run.js:34:14 {
  log: [
    '  - navigating to "http://127.0.0.1:9652/e2e/ffmpeg-wasm/index.html?core=0.12.6", waiting until "load"'
  ],
  name: 'Error'
}

Node.js v25.9.0
E2E_DONE
